
> magnus-system-v3@0.0.0 build
> tsc -b && vite build

src/components/master/MasterCategorySelect.tsx(1,8): error TS6133: 'React' is declared but its value is never read.
src/components/master/MasterUnitSelect.tsx(1,8): error TS6133: 'React' is declared but its value is never read.
src/components/ScaleModal.tsx(1,8): error TS6133: 'React' is declared but its value is never read.
src/hooks/useMasterLists.ts(24,21): error TS2345: Argument of type '{ id: any; name: any; scope_of_work: any; }[]' is not assignable to parameter of type 'SetStateAction<MasterCategory[]>'.
  Type '{ id: any; name: any; scope_of_work: any; }[]' is not assignable to type 'MasterCategory[]'.
    Type '{ id: any; name: any; scope_of_work: any; }' is missing the following properties from type 'MasterCategory': is_active, sort_order
src/layout/SidebarLayout.tsx(1,8): error TS6133: 'React' is declared but its value is never read.
src/pages/AssembliesPage.tsx(1,8): error TS6133: 'React' is declared but its value is never read.
src/pages/AssembliesPage.tsx(257,15): error TS6133: 'data' is declared but its value is never read.
src/pages/AssembliesPage.tsx(272,13): error TS2552: Cannot find name 'loadComponents'. Did you mean 'addComponent'?
src/pages/BOQPage.tsx(2,8): error TS6133: 'React' is declared but its value is never read.
src/pages/BOQPage.tsx(137,22): error TS6133: 'setAutoSaveOn' is declared but its value is never read.
src/pages/ClientsPage.tsx(1,8): error TS6133: 'React' is declared but its value is never read.
src/pages/DashboardPage.tsx(1,1): error TS6133: 'React' is declared but its value is never read.
src/pages/EstimatesPage.tsx(1,8): error TS6133: 'React' is declared but its value is never read.
src/pages/FinancePage.tsx(1,1): error TS6133: 'React' is declared but its value is never read.
src/pages/ProcurementPage.tsx(1,1): error TS6133: 'React' is declared but its value is never read.
src/pages/ProjectsPage.tsx(1,8): error TS6133: 'React' is declared but its value is never read.
src/pages/RatesPage.tsx(1,8): error TS6133: 'React' is declared but its value is never read.
src/pages/RatesPage.tsx(3,1): error TS6133: 'MasterCategorySelect' is declared but its value is never read.
src/pages/RatesPage.tsx(4,1): error TS6133: 'MasterUnitSelect' is declared but its value is never read.
src/pages/RatesPage.tsx(184,10): error TS6133: 'SmartCombobox' is declared but its value is never read.
src/pages/RatesPage.tsx(417,9): error TS6133: 'TYPE_ALL' is declared but its value is never read.
src/pages/RatesPage.tsx(457,10): error TS6133: 'editingId' is declared but its value is never read.
src/pages/RatesPage.tsx(457,21): error TS6133: 'setEditingId' is declared but its value is never read.
src/pages/RatesPage.tsx(458,10): error TS6133: 'editingRate' is declared but its value is never read.
src/pages/RatesPage.tsx(458,23): error TS6133: 'setEditingRate' is declared but its value is never read.
src/pages/RatesPage.tsx(789,15): error TS6133: 'variant' is declared but its value is never read.
src/pages/RatesPage.tsx(895,9): error TS2322: Type 'PostgrestSingleResponse<{ id: any; item_name: any; unit: any; category: any; item_type: any; updated_at: any; current_rate: any; current_currency: any; current_effective_date: any; current_source: any; current_batch_id: any; }[]>' is not assignable to type 'PostgrestSingleResponse<{ id: any; item_name: any; description: any; cost_code: any; unit: any; category: any; item_type: any; updated_at: any; current_rate: any; current_currency: any; current_effective_date: any; current_source: any; current_batch_id: any; }[]>'.
  Type 'PostgrestResponseSuccess<{ id: any; item_name: any; unit: any; category: any; item_type: any; updated_at: any; current_rate: any; current_currency: any; current_effective_date: any; current_source: any; current_batch_id: any; }[]>' is not assignable to type 'PostgrestSingleResponse<{ id: any; item_name: any; description: any; cost_code: any; unit: any; category: any; item_type: any; updated_at: any; current_rate: any; current_currency: any; current_effective_date: any; current_source: any; current_batch_id: any; }[]>'.
    Type 'PostgrestResponseSuccess<{ id: any; item_name: any; unit: any; category: any; item_type: any; updated_at: any; current_rate: any; current_currency: any; current_effective_date: any; current_source: any; current_batch_id: any; }[]>' is not assignable to type 'PostgrestResponseSuccess<{ id: any; item_name: any; description: any; cost_code: any; unit: any; category: any; item_type: any; updated_at: any; current_rate: any; current_currency: any; current_effective_date: any; current_source: any; current_batch_id: any; }[]>'.
      Type '{ id: any; item_name: any; unit: any; category: any; item_type: any; updated_at: any; current_rate: any; current_currency: any; current_effective_date: any; current_source: any; current_batch_id: any; }[]' is not assignable to type '{ id: any; item_name: any; description: any; cost_code: any; unit: any; category: any; item_type: any; updated_at: any; current_rate: any; current_currency: any; current_effective_date: any; current_source: any; current_batch_id: any; }[]'.
        Type '{ id: any; item_name: any; unit: any; category: any; item_type: any; updated_at: any; current_rate: any; current_currency: any; current_effective_date: any; current_source: any; current_batch_id: any; }' is missing the following properties from type '{ id: any; item_name: any; description: any; cost_code: any; unit: any; category: any; item_type: any; updated_at: any; current_rate: any; current_currency: any; current_effective_date: any; current_source: any; current_batch_id: any; }': description, cost_code
src/pages/RatesPage.tsx(956,9): error TS2322: Type 'PostgrestSingleResponse<{ id: any; item_name: any; unit: any; category: any; item_type: any; updated_at: any; current_rate: any; current_currency: any; current_effective_date: any; current_source: any; current_batch_id: any; }[]>' is not assignable to type 'PostgrestSingleResponse<{ id: any; item_name: any; description: any; cost_code: any; unit: any; category: any; item_type: any; updated_at: any; current_rate: any; current_currency: any; current_effective_date: any; current_source: any; current_batch_id: any; }[]>'.
  Type 'PostgrestResponseSuccess<{ id: any; item_name: any; unit: any; category: any; item_type: any; updated_at: any; current_rate: any; current_currency: any; current_effective_date: any; current_source: any; current_batch_id: any; }[]>' is not assignable to type 'PostgrestSingleResponse<{ id: any; item_name: any; description: any; cost_code: any; unit: any; category: any; item_type: any; updated_at: any; current_rate: any; current_currency: any; current_effective_date: any; current_source: any; current_batch_id: any; }[]>'.
    Type 'PostgrestResponseSuccess<{ id: any; item_name: any; unit: any; category: any; item_type: any; updated_at: any; current_rate: any; current_currency: any; current_effective_date: any; current_source: any; current_batch_id: any; }[]>' is not assignable to type 'PostgrestResponseSuccess<{ id: any; item_name: any; description: any; cost_code: any; unit: any; category: any; item_type: any; updated_at: any; current_rate: any; current_currency: any; current_effective_date: any; current_source: any; current_batch_id: any; }[]>'.
      Type '{ id: any; item_name: any; unit: any; category: any; item_type: any; updated_at: any; current_rate: any; current_currency: any; current_effective_date: any; current_source: any; current_batch_id: any; }[]' is not assignable to type '{ id: any; item_name: any; description: any; cost_code: any; unit: any; category: any; item_type: any; updated_at: any; current_rate: any; current_currency: any; current_effective_date: any; current_source: any; current_batch_id: any; }[]'.
        Type '{ id: any; item_name: any; unit: any; category: any; item_type: any; updated_at: any; current_rate: any; current_currency: any; current_effective_date: any; current_source: any; current_batch_id: any; }' is missing the following properties from type '{ id: any; item_name: any; description: any; cost_code: any; unit: any; category: any; item_type: any; updated_at: any; current_rate: any; current_currency: any; current_effective_date: any; current_source: any; current_batch_id: any; }': description, cost_code
src/pages/RatesPage.tsx(1026,24): error TS2345: Argument of type 'string' is not assignable to parameter of type '"Cement & Concrete Products" | "Blocks & Bricks" | "Timber & Lumber" | "Plywood / Boards" | "Reinforcement" | "General Hardware" | "Doors & Windows" | "Plumbing Materials" | ... 14 more ... | "Uncategorized"'.
src/pages/RatesPage.tsx(1143,18): error TS6133: 'saveRate' is declared but its value is never read.
src/pages/RatesPage.tsx(1949,37): error TS6133: 'updatedItem' is declared but its value is never read.
src/pages/ReportsPage.tsx(1,1): error TS6133: 'React' is declared but its value is never read.
src/pages/SettingsCompanyPage.tsx(1,8): error TS6133: 'React' is declared but its value is never read.
src/pages/SettingsCompanyPage.tsx(4,6): error TS6196: 'CompanySettings' is declared but never used.
src/pages/SettingsMasterCategoriesPage.tsx(1,8): error TS6133: 'React' is declared but its value is never read.
src/pages/SettingsMasterListsPage.tsx(1,8): error TS6133: 'React' is declared but its value is never read.
src/pages/SettingsPage.tsx(1,8): error TS6133: 'React' is declared but its value is never read.
src/pages/SettingsUsersPage.tsx(1,8): error TS6133: 'React' is declared but its value is never read.
src/pages/TakeoffPage.tsx(343,9): error TS6133: 'canStartCalibration' is declared but its value is never read.
src/pages/TakeoffPage.tsx(707,12): error TS6133: 'cancelCalibrate' is declared but its value is never read.
